// Bun Snapshot v1, https://bun.sh/docs/test/snapshots

exports[`Tabs Snapshot Tests Single Tab Rendering should match snapshot for single active tab 1`] = `
[
  "Home                                    ",
]
`;

exports[`Tabs Snapshot Tests Single Tab Rendering should match snapshot for single inactive tab 1`] = `
[
  "Settings                                ",
]
`;

exports[`Tabs Snapshot Tests Multiple Tabs at Various Widths should match snapshot for tabs at 80 width 1`] = `
[
  [
    "Home                                                                            ",
  ],
  [
    "Profile                                                                         ",
  ],
  [
    "Settings                                                                        ",
  ],
]
`;

exports[`Tabs Snapshot Tests Multiple Tabs at Various Widths should match snapshot for tabs at 120 width 1`] = `
[
  [
    "Dashboard                                                                                                               ",
  ],
  [
    "Analytics                                                                                                               ",
  ],
  [
    "Reports                                                                                                                 ",
  ],
]
`;

exports[`Tabs Snapshot Tests Multiple Tabs at Various Widths should match snapshot for tabs at 160 width 1`] = `
[
  [
    "Overview                                                                                                                                                        ",
  ],
  [
    "Details                                                                                                                                                         ",
  ],
  [
    "Configuration                                                                                                                                                   ",
  ],
]
`;

exports[`Tabs Snapshot Tests Tabs in Flex Layout should match snapshot for tabs side-by-side 1`] = `
[
  "First                      Second                     Third                     ",
]
`;

exports[`Tabs Snapshot Tests Tabs in Flex Layout should match snapshot for tabs in vertical stack 1`] = `
[
  "Navigation 1                            ",
  "Navigation 2                            ",
  "Navigation 3                            ",
]
`;

exports[`Tabs Snapshot Tests Pane Content Rendering should match snapshot for active pane content 1`] = `
[
  "This is the content of the active pane                                          ",
]
`;

exports[`Tabs Snapshot Tests Pane Content Rendering should match snapshot for inactive pane (empty) 1`] = `[]`;

exports[`Tabs Snapshot Tests Pane Content Rendering should match snapshot for pane with long content 1`] = `
[
  "This is a very long piece of content that spans multiple    ",
  "lines and tests the pane rendering capabilities             ",
]
`;

exports[`Tabs Snapshot Tests Complete Tabbed Interface should match snapshot for simple tabbed interface 1`] = `
{
  "pane": [
    "Welcome Home                                                                    ",
  ],
  "tabs": [
    [
      "Home                                    ",
    ],
    [
      "Settings                                ",
    ],
  ],
}
`;

exports[`Tabs Snapshot Tests Complete Tabbed Interface should match snapshot for multi-tab interface 1`] = `
{
  "pane": [
    "Content for tab-0                                                                                   ",
  ],
  "tabs": [
    [
      "Dashboard                ",
    ],
    [
      "Reports                  ",
    ],
    [
      "Analytics                ",
    ],
    [
      "Settings                 ",
    ],
    [
      "Help                     ",
    ],
  ],
}
`;

exports[`Tabs Snapshot Tests Edge Cases Visual Output should match snapshot for tab with very long label 1`] = `
[
  "This is an extremely long tab ",
  "label that might need         ",
  "truncation                    ",
]
`;

exports[`Tabs Snapshot Tests Edge Cases Visual Output should match snapshot for narrow width rendering 1`] = `
[
  "Tab       ",
]
`;

exports[`Tabs Snapshot Tests Edge Cases Visual Output should match snapshot for tabs with special characters 1`] = `
[
  [
    "✓ Success                               ",
  ],
  [
    "⚠ Warning                               ",
  ],
  [
    "✗ Error                                 ",
  ],
]
`;
